Loading net-file from 'grid_5x5/grid_scenario_traffic_light.net.xml' ... done (29ms).
Loading additional-files from 'grid_5x5/grid_scenario.poly.xml' ... done (0ms).
Loading done.
Simulation version 1.12.0 started with time: 0.00
Simulation ended at time: 272.70
Reason: All vehicles have left the simulation.
Performance: 
 Duration: 1.18s
 Real time factor: 230.906
 UPS: 84631.668078
Vehicles: 
 Inserted: 200
 Running: 0
 Waiting: 0
Teleports: 0 (Collisions: 2)
Statistics (avg):
 RouteLength: 664.88
 Speed: 13.20
 Duration: 49.97
 WaitingTime: 0.08
 TimeLoss: 14.11
 DepartDelay: 0.42

