***Starting server on port 53429 ***
Loading net-file from 'ingolstadt.net.xml' ... done (4220ms).
Loading additional-files from 'BusStations.add.xml' ... done (52ms).
Loading additional-files from 'InTAS_E1.add.xml' ... done (58ms).
Loading additional-files from 'buildings.poly.xml' ... done (510ms).
Loading done.
Simulation started with time: 25200.00
Error: tcpip::Socket::recvAndCheck @ recv: peer shutdown
Quitting (on error).
Simulation ended at time: 28803.00
Performance: 
 Duration: 42420.97s
 TraCI-Duration: 3039.17s
 Real time factor: 0.0849344
 UPS: 1871.130396
Vehicles: 
 Inserted: 14235 (Loaded: 15144)
 Running: 2429
 Waiting: 210
Teleports: 14 (Collisions: 5, Yield: 4, Wrong Lane: 5)
Persons: 
 Inserted: 1
 Running: 0

DijkstraRouter answered 40174 queries and explored 2912.95 edges on average.
DijkstraRouter spent 258.30s answering queries (6.43ms on average).
